2025-08-20 17:23:22,667 - INFO - Starting KNN classification process...
2025-08-20 17:23:22,667 - INFO - Dataset Path: c:\Users\Student\Desktop\Chiu Siew Chin\ResNet Series\ResNet18---Multi-Target-Crocodile-Detection-System\dataset
2025-08-20 17:23:22,667 - INFO - Model Path: c:\Users\Student\Desktop\Chiu Siew Chin\ResNet Series\ResNet18---Multi-Target-Crocodile-Detection-System\resnet18_checkpoint\best_resnet18_model.pth
2025-08-20 17:23:22,667 - INFO - Number of Classes: 2
2025-08-20 17:23:22,667 - INFO - Loading ResNet18 feature extrator model...
2025-08-20 17:23:22,889 - INFO - Loading custom dataset...
2025-08-20 17:23:22,910 - INFO - Found 4190 training images and 2625 validation images.
2025-08-20 17:23:22,910 - INFO - Extracting features from the training set...
2025-08-20 17:23:36,484 - INFO - Extracting feature from the test set...
2025-08-20 17:23:55,260 - INFO - Feature extraction complete! Train features shape: (4190, 512), Test features shape: (2625, 512)
2025-08-20 17:23:55,260 - INFO - --- Training and Evaluating KNN Classifier ---
2025-08-20 17:23:55,260 - INFO - Using K = 5
2025-08-20 17:23:55,260 - INFO - Training the KNN classifier...
2025-08-20 17:23:55,263 - INFO - Making predictions with the KNN classifier...
2025-08-20 17:23:55,518 - INFO - ------------------------------------------
2025-08-20 17:23:55,520 - INFO - FINAL RESULT: KNN classifier accuracy on the test set: 97.98%
2025-08-20 17:23:55,520 - INFO - ------------------------------------------
2025-08-20 17:23:55,520 - INFO - KNN classification process finished.
2026-03-04 17:32:37,124 - INFO - Starting KNN classification process...
2026-03-04 17:32:37,124 - INFO - Dataset Path: c:\Users\Student\Desktop\Chiu Siew Chin\ResNet Series\ResNet18---Multi-Target-Crocodile-Detection-System\dataset
2026-03-04 17:32:37,124 - INFO - Model Path: c:\Users\Student\Desktop\Chiu Siew Chin\ResNet Series\ResNet18---Multi-Target-Crocodile-Detection-System\resnet18_checkpoint\best_resnet18_model.pth
2026-03-04 17:32:37,124 - INFO - Number of Classes: 2
2026-03-04 17:32:37,124 - INFO - Loading ResNet18 feature extrator model...
2026-03-04 17:32:37,338 - INFO - Loading custom dataset...
2026-03-04 17:32:37,375 - INFO - Found 4190 training images and 2625 validation images.
2026-03-04 17:32:37,375 - INFO - Extracting features from the training set...
2026-03-04 17:32:50,887 - INFO - Extracting feature from the test set...
2026-03-04 17:33:09,410 - INFO - Feature extraction complete! Train features shape: (4190, 512), Test features shape: (2625, 512)
2026-03-04 17:33:09,410 - INFO - --- Training and Evaluating KNN Classifier ---
2026-03-04 17:33:09,410 - INFO - Using K = 5
2026-03-04 17:33:09,410 - INFO - Training the KNN classifier...
2026-03-04 17:33:09,423 - INFO - Making predictions with the KNN classifier...
2026-03-04 17:33:09,708 - INFO - ------------------------------------------
2026-03-04 17:33:09,708 - INFO - FINAL RESULT: KNN classifier accuracy on the test set: 97.90%
2026-03-04 17:33:09,708 - INFO - ------------------------------------------
2026-03-04 17:33:09,708 - INFO - KNN classification process finished.
