2026-03-04 14:24:37,957 - INFO - Number of classes: 2
2026-03-04 14:24:37,957 - INFO - Class names: ['crocodile', 'non-crocodile']
2026-03-04 14:24:38,194 - INFO - Starting training on device: cuda
2026-03-04 14:25:14,727 - INFO - Epoch 01/50 [LR: 0.001000] | Train -> Loss: 0.2458 Acc: 0.8847 Prec: 0.8921 Rec: 0.8746 mAP: 0.9661 | Val -> Loss: 0.1118 Acc: 0.9604 Prec: 0.9844 Rec: 0.9298 mAP: 0.9927
2026-03-04 14:25:14,819 - INFO - Best model updated and saved: resnet18_checkpoint\best_resnet18_model.pth
2026-03-04 14:25:48,178 - INFO - Epoch 02/50 [LR: 0.001000] | Train -> Loss: 0.1302 Acc: 0.9463 Prec: 0.9460 Rec: 0.9464 mAP: 0.9893 | Val -> Loss: 0.0879 Acc: 0.9688 Prec: 0.9782 Rec: 0.9543 mAP: 0.9946
2026-03-04 14:25:48,261 - INFO - Best model updated and saved: resnet18_checkpoint\best_resnet18_model.pth
2026-03-04 14:26:21,589 - INFO - Epoch 03/50 [LR: 0.001000] | Train -> Loss: 0.1191 Acc: 0.9501 Prec: 0.9502 Rec: 0.9498 mAP: 0.9914 | Val -> Loss: 0.0755 Acc: 0.9722 Prec: 0.9698 Rec: 0.9706 mAP: 0.9955
2026-03-04 14:26:21,670 - INFO - Best model updated and saved: resnet18_checkpoint\best_resnet18_model.pth
2026-03-04 14:26:55,376 - INFO - Epoch 04/50 [LR: 0.001000] | Train -> Loss: 0.1067 Acc: 0.9568 Prec: 0.9547 Rec: 0.9589 mAP: 0.9929 | Val -> Loss: 0.0757 Acc: 0.9707 Prec: 0.9807 Rec: 0.9559 mAP: 0.9958
2026-03-04 14:27:28,898 - INFO - Epoch 05/50 [LR: 0.001000] | Train -> Loss: 0.1072 Acc: 0.9609 Prec: 0.9573 Rec: 0.9646 mAP: 0.9915 | Val -> Loss: 0.0882 Acc: 0.9676 Prec: 0.9855 Rec: 0.9445 mAP: 0.9958
2026-03-04 14:28:02,273 - INFO - Epoch 06/50 [LR: 0.001000] | Train -> Loss: 0.0927 Acc: 0.9652 Prec: 0.9637 Rec: 0.9665 mAP: 0.9946 | Val -> Loss: 0.0769 Acc: 0.9710 Prec: 0.9906 Rec: 0.9469 mAP: 0.9974
2026-03-04 14:28:35,597 - INFO - Epoch 07/50 [LR: 0.001000] | Train -> Loss: 0.0888 Acc: 0.9656 Prec: 0.9629 Rec: 0.9684 mAP: 0.9949 | Val -> Loss: 0.0770 Acc: 0.9745 Prec: 0.9898 Rec: 0.9551 mAP: 0.9967
2026-03-04 14:28:35,681 - INFO - Best model updated and saved: resnet18_checkpoint\best_resnet18_model.pth
2026-03-04 14:29:09,096 - INFO - Epoch 08/50 [LR: 0.001000] | Train -> Loss: 0.0914 Acc: 0.9637 Prec: 0.9641 Rec: 0.9632 mAP: 0.9949 | Val -> Loss: 0.0605 Acc: 0.9806 Prec: 0.9892 Rec: 0.9690 mAP: 0.9980
2026-03-04 14:29:09,173 - INFO - Best model updated and saved: resnet18_checkpoint\best_resnet18_model.pth
2026-03-04 14:29:42,644 - INFO - Epoch 09/50 [LR: 0.001000] | Train -> Loss: 0.0829 Acc: 0.9666 Prec: 0.9647 Rec: 0.9684 mAP: 0.9949 | Val -> Loss: 0.0558 Acc: 0.9790 Prec: 0.9916 Rec: 0.9633 mAP: 0.9984
2026-03-04 14:30:15,765 - INFO - Epoch 10/50 [LR: 0.001000] | Train -> Loss: 0.0842 Acc: 0.9659 Prec: 0.9647 Rec: 0.9670 mAP: 0.9956 | Val -> Loss: 0.0442 Acc: 0.9855 Prec: 0.9877 Rec: 0.9812 mAP: 0.9986
2026-03-04 14:30:15,837 - INFO - Best model updated and saved: resnet18_checkpoint\best_resnet18_model.pth
2026-03-04 14:30:49,570 - INFO - Epoch 11/50 [LR: 0.001000] | Train -> Loss: 0.0799 Acc: 0.9659 Prec: 0.9656 Rec: 0.9660 mAP: 0.9961 | Val -> Loss: 0.0676 Acc: 0.9749 Prec: 0.9940 Rec: 0.9518 mAP: 0.9983
2026-03-04 14:31:22,941 - INFO - Epoch 12/50 [LR: 0.001000] | Train -> Loss: 0.0672 Acc: 0.9752 Prec: 0.9733 Rec: 0.9770 mAP: 0.9972 | Val -> Loss: 0.0546 Acc: 0.9829 Prec: 0.9900 Rec: 0.9731 mAP: 0.9980
2026-03-04 14:31:56,466 - INFO - Epoch 13/50 [LR: 0.001000] | Train -> Loss: 0.0672 Acc: 0.9735 Prec: 0.9723 Rec: 0.9746 mAP: 0.9970 | Val -> Loss: 0.0669 Acc: 0.9783 Prec: 0.9899 Rec: 0.9633 mAP: 0.9975
2026-03-04 14:32:29,403 - INFO - Epoch 14/50 [LR: 0.001000] | Train -> Loss: 0.0776 Acc: 0.9699 Prec: 0.9690 Rec: 0.9708 mAP: 0.9960 | Val -> Loss: 0.0534 Acc: 0.9817 Prec: 0.9868 Rec: 0.9739 mAP: 0.9981
2026-03-04 14:33:02,682 - INFO - Epoch 15/50 [LR: 0.001000] | Train -> Loss: 0.0660 Acc: 0.9759 Prec: 0.9733 Rec: 0.9785 mAP: 0.9971 | Val -> Loss: 0.0775 Acc: 0.9749 Prec: 0.9949 Rec: 0.9510 mAP: 0.9981
2026-03-04 14:33:36,229 - INFO - Epoch 16/50 [LR: 0.001000] | Train -> Loss: 0.0712 Acc: 0.9697 Prec: 0.9685 Rec: 0.9708 mAP: 0.9970 | Val -> Loss: 0.0476 Acc: 0.9840 Prec: 0.9909 Rec: 0.9747 mAP: 0.9987
2026-03-04 14:34:09,127 - INFO - Epoch 17/50 [LR: 0.001000] | Train -> Loss: 0.0748 Acc: 0.9702 Prec: 0.9694 Rec: 0.9708 mAP: 0.9966 | Val -> Loss: 0.0516 Acc: 0.9802 Prec: 0.9819 Rec: 0.9755 mAP: 0.9979
2026-03-04 14:34:42,274 - INFO - Epoch 18/50 [LR: 0.000100] | Train -> Loss: 0.0643 Acc: 0.9747 Prec: 0.9728 Rec: 0.9766 mAP: 0.9973 | Val -> Loss: 0.0490 Acc: 0.9829 Prec: 0.9852 Rec: 0.9780 mAP: 0.9982
2026-03-04 14:35:15,716 - INFO - Epoch 19/50 [LR: 0.000100] | Train -> Loss: 0.0555 Acc: 0.9792 Prec: 0.9785 Rec: 0.9799 mAP: 0.9980 | Val -> Loss: 0.0539 Acc: 0.9813 Prec: 0.9916 Rec: 0.9682 mAP: 0.9982
2026-03-04 14:35:49,133 - INFO - Epoch 20/50 [LR: 0.000100] | Train -> Loss: 0.0543 Acc: 0.9792 Prec: 0.9803 Rec: 0.9780 mAP: 0.9982 | Val -> Loss: 0.0515 Acc: 0.9825 Prec: 0.9892 Rec: 0.9731 mAP: 0.9982
2026-03-04 14:36:22,387 - INFO - Epoch 21/50 [LR: 0.000100] | Train -> Loss: 0.0549 Acc: 0.9792 Prec: 0.9767 Rec: 0.9818 mAP: 0.9981 | Val -> Loss: 0.0493 Acc: 0.9844 Prec: 0.9884 Rec: 0.9780 mAP: 0.9983
2026-03-04 14:36:56,349 - INFO - Epoch 22/50 [LR: 0.000100] | Train -> Loss: 0.0568 Acc: 0.9771 Prec: 0.9716 Rec: 0.9828 mAP: 0.9980 | Val -> Loss: 0.0464 Acc: 0.9848 Prec: 0.9885 Rec: 0.9788 mAP: 0.9984
2026-03-04 14:37:29,513 - INFO - Epoch 23/50 [LR: 0.000100] | Train -> Loss: 0.0590 Acc: 0.9752 Prec: 0.9706 Rec: 0.9799 mAP: 0.9977 | Val -> Loss: 0.0543 Acc: 0.9798 Prec: 0.9908 Rec: 0.9657 mAP: 0.9983
2026-03-04 14:38:02,732 - INFO - Epoch 24/50 [LR: 0.000100] | Train -> Loss: 0.0523 Acc: 0.9800 Prec: 0.9808 Rec: 0.9789 mAP: 0.9981 | Val -> Loss: 0.0512 Acc: 0.9817 Prec: 0.9892 Rec: 0.9714 mAP: 0.9983
2026-03-04 14:38:36,256 - INFO - Epoch 25/50 [LR: 0.000100] | Train -> Loss: 0.0612 Acc: 0.9740 Prec: 0.9710 Rec: 0.9770 mAP: 0.9976 | Val -> Loss: 0.0557 Acc: 0.9794 Prec: 0.9900 Rec: 0.9657 mAP: 0.9981
2026-03-04 14:39:09,455 - INFO - Epoch 26/50 [LR: 0.000010] | Train -> Loss: 0.0621 Acc: 0.9771 Prec: 0.9752 Rec: 0.9789 mAP: 0.9973 | Val -> Loss: 0.0513 Acc: 0.9832 Prec: 0.9884 Rec: 0.9755 mAP: 0.9982
2026-03-04 14:39:42,862 - INFO - Epoch 27/50 [LR: 0.000010] | Train -> Loss: 0.0614 Acc: 0.9764 Prec: 0.9747 Rec: 0.9780 mAP: 0.9975 | Val -> Loss: 0.0484 Acc: 0.9848 Prec: 0.9861 Rec: 0.9812 mAP: 0.9983
2026-03-04 14:40:16,284 - INFO - Epoch 28/50 [LR: 0.000010] | Train -> Loss: 0.0666 Acc: 0.9745 Prec: 0.9755 Rec: 0.9732 mAP: 0.9970 | Val -> Loss: 0.0458 Acc: 0.9863 Prec: 0.9861 Rec: 0.9845 mAP: 0.9984
2026-03-04 14:40:16,367 - INFO - Best model updated and saved: resnet18_checkpoint\best_resnet18_model.pth
2026-03-04 14:40:49,865 - INFO - Epoch 29/50 [LR: 0.000010] | Train -> Loss: 0.0497 Acc: 0.9797 Prec: 0.9772 Rec: 0.9823 mAP: 0.9985 | Val -> Loss: 0.0549 Acc: 0.9798 Prec: 0.9908 Rec: 0.9657 mAP: 0.9982
2026-03-04 14:41:23,131 - INFO - Epoch 30/50 [LR: 0.000010] | Train -> Loss: 0.0562 Acc: 0.9792 Prec: 0.9762 Rec: 0.9823 mAP: 0.9979 | Val -> Loss: 0.0499 Acc: 0.9832 Prec: 0.9876 Rec: 0.9763 mAP: 0.9983
2026-03-04 14:41:56,423 - INFO - Epoch 31/50 [LR: 0.000010] | Train -> Loss: 0.0573 Acc: 0.9780 Prec: 0.9744 Rec: 0.9818 mAP: 0.9978 | Val -> Loss: 0.0543 Acc: 0.9794 Prec: 0.9891 Rec: 0.9665 mAP: 0.9982
2026-03-04 14:42:29,920 - INFO - Epoch 32/50 [LR: 0.000010] | Train -> Loss: 0.0557 Acc: 0.9797 Prec: 0.9772 Rec: 0.9823 mAP: 0.9981 | Val -> Loss: 0.0472 Acc: 0.9855 Prec: 0.9869 Rec: 0.9820 mAP: 0.9984
2026-03-04 14:43:03,249 - INFO - Epoch 33/50 [LR: 0.000010] | Train -> Loss: 0.0583 Acc: 0.9776 Prec: 0.9780 Rec: 0.9770 mAP: 0.9977 | Val -> Loss: 0.0494 Acc: 0.9848 Prec: 0.9869 Rec: 0.9804 mAP: 0.9983
2026-03-04 14:43:35,996 - INFO - Epoch 34/50 [LR: 0.000010] | Train -> Loss: 0.0689 Acc: 0.9752 Prec: 0.9720 Rec: 0.9785 mAP: 0.9969 | Val -> Loss: 0.0619 Acc: 0.9775 Prec: 0.9932 Rec: 0.9584 mAP: 0.9981
2026-03-04 14:44:08,842 - INFO - Epoch 35/50 [LR: 0.000010] | Train -> Loss: 0.0548 Acc: 0.9783 Prec: 0.9785 Rec: 0.9780 mAP: 0.9981 | Val -> Loss: 0.0563 Acc: 0.9794 Prec: 0.9908 Rec: 0.9649 mAP: 0.9982
2026-03-04 14:44:41,697 - INFO - Epoch 36/50 [LR: 0.000001] | Train -> Loss: 0.0617 Acc: 0.9773 Prec: 0.9775 Rec: 0.9770 mAP: 0.9976 | Val -> Loss: 0.0481 Acc: 0.9855 Prec: 0.9869 Rec: 0.9820 mAP: 0.9983
2026-03-04 14:45:14,468 - INFO - Epoch 37/50 [LR: 0.000001] | Train -> Loss: 0.0637 Acc: 0.9737 Prec: 0.9710 Rec: 0.9766 mAP: 0.9975 | Val -> Loss: 0.0509 Acc: 0.9817 Prec: 0.9892 Rec: 0.9714 mAP: 0.9983
2026-03-04 14:45:47,691 - INFO - Epoch 38/50 [LR: 0.000001] | Train -> Loss: 0.0556 Acc: 0.9790 Prec: 0.9776 Rec: 0.9804 mAP: 0.9981 | Val -> Loss: 0.0567 Acc: 0.9787 Prec: 0.9908 Rec: 0.9633 mAP: 0.9982
2026-03-04 14:46:20,523 - INFO - Epoch 39/50 [LR: 0.000001] | Train -> Loss: 0.0650 Acc: 0.9768 Prec: 0.9743 Rec: 0.9794 mAP: 0.9971 | Val -> Loss: 0.0493 Acc: 0.9836 Prec: 0.9876 Rec: 0.9771 mAP: 0.9983
2026-03-04 14:46:53,404 - INFO - Epoch 40/50 [LR: 0.000001] | Train -> Loss: 0.0452 Acc: 0.9811 Prec: 0.9823 Rec: 0.9799 mAP: 0.9989 | Val -> Loss: 0.0560 Acc: 0.9794 Prec: 0.9908 Rec: 0.9649 mAP: 0.9983
2026-03-04 14:47:28,223 - INFO - Epoch 41/50 [LR: 0.000001] | Train -> Loss: 0.0574 Acc: 0.9780 Prec: 0.9744 Rec: 0.9818 mAP: 0.9979 | Val -> Loss: 0.0591 Acc: 0.9779 Prec: 0.9916 Rec: 0.9608 mAP: 0.9982
2026-03-04 14:48:03,653 - INFO - Epoch 42/50 [LR: 0.000001] | Train -> Loss: 0.0611 Acc: 0.9761 Prec: 0.9711 Rec: 0.9813 mAP: 0.9976 | Val -> Loss: 0.0479 Acc: 0.9855 Prec: 0.9877 Rec: 0.9812 mAP: 0.9984
2026-03-04 14:48:39,113 - INFO - Epoch 43/50 [LR: 0.000001] | Train -> Loss: 0.0537 Acc: 0.9792 Prec: 0.9758 Rec: 0.9828 mAP: 0.9981 | Val -> Loss: 0.0497 Acc: 0.9836 Prec: 0.9884 Rec: 0.9763 mAP: 0.9983
2026-03-04 14:49:15,281 - INFO - Epoch 44/50 [LR: 0.000000] | Train -> Loss: 0.0606 Acc: 0.9785 Prec: 0.9789 Rec: 0.9780 mAP: 0.9975 | Val -> Loss: 0.0506 Acc: 0.9829 Prec: 0.9884 Rec: 0.9747 mAP: 0.9983
2026-03-04 14:49:51,424 - INFO - Epoch 45/50 [LR: 0.000000] | Train -> Loss: 0.0590 Acc: 0.9788 Prec: 0.9817 Rec: 0.9756 mAP: 0.9978 | Val -> Loss: 0.0519 Acc: 0.9817 Prec: 0.9892 Rec: 0.9714 mAP: 0.9983
2026-03-04 14:50:27,160 - INFO - Epoch 46/50 [LR: 0.000000] | Train -> Loss: 0.0567 Acc: 0.9788 Prec: 0.9744 Rec: 0.9833 mAP: 0.9978 | Val -> Loss: 0.0500 Acc: 0.9844 Prec: 0.9893 Rec: 0.9771 mAP: 0.9983
2026-03-04 14:51:01,195 - INFO - Epoch 47/50 [LR: 0.000000] | Train -> Loss: 0.0562 Acc: 0.9792 Prec: 0.9817 Rec: 0.9766 mAP: 0.9979 | Val -> Loss: 0.0533 Acc: 0.9813 Prec: 0.9908 Rec: 0.9690 mAP: 0.9983
2026-03-04 14:51:34,365 - INFO - Epoch 48/50 [LR: 0.000000] | Train -> Loss: 0.0531 Acc: 0.9797 Prec: 0.9781 Rec: 0.9813 mAP: 0.9983 | Val -> Loss: 0.0489 Acc: 0.9836 Prec: 0.9884 Rec: 0.9763 mAP: 0.9983
2026-03-04 14:52:07,674 - INFO - Epoch 49/50 [LR: 0.000000] | Train -> Loss: 0.0665 Acc: 0.9757 Prec: 0.9720 Rec: 0.9794 mAP: 0.9969 | Val -> Loss: 0.0538 Acc: 0.9806 Prec: 0.9908 Rec: 0.9673 mAP: 0.9983
2026-03-04 14:52:41,035 - INFO - Epoch 50/50 [LR: 0.000000] | Train -> Loss: 0.0516 Acc: 0.9819 Prec: 0.9818 Rec: 0.9818 mAP: 0.9982 | Val -> Loss: 0.0467 Acc: 0.9863 Prec: 0.9869 Rec: 0.9837 mAP: 0.9984
2026-03-04 14:52:41,035 - INFO - Training complete. Best validation accuracy:  0.9863
2026-03-04 15:28:12,734 - INFO - Number of classes: 2
2026-03-04 15:28:12,735 - INFO - Class names: ['crocodile', 'non-crocodile']
2026-03-04 15:28:12,916 - INFO - Starting training on device: cuda
2026-03-04 15:28:48,888 - INFO - Epoch 01/50 [LR: 0.001000] | Train -> Loss: 0.2459 Acc: 0.8838 Prec: 0.8915 Rec: 0.8732 mAP: 0.9661 | Val -> Loss: 0.1128 Acc: 0.9592 Prec: 0.9844 Rec: 0.9273 mAP: 0.9927
2026-03-04 15:28:48,965 - INFO - Best model updated and saved: resnet18_checkpoint\best_resnet18_model.pth
2026-03-04 15:29:22,261 - INFO - Epoch 02/50 [LR: 0.001000] | Train -> Loss: 0.1313 Acc: 0.9477 Prec: 0.9461 Rec: 0.9493 mAP: 0.9891 | Val -> Loss: 0.0863 Acc: 0.9699 Prec: 0.9783 Rec: 0.9567 mAP: 0.9946
2026-03-04 15:29:22,337 - INFO - Best model updated and saved: resnet18_checkpoint\best_resnet18_model.pth
2026-03-04 15:29:55,402 - INFO - Epoch 03/50 [LR: 0.001000] | Train -> Loss: 0.1204 Acc: 0.9504 Prec: 0.9528 Rec: 0.9474 mAP: 0.9912 | Val -> Loss: 0.0796 Acc: 0.9710 Prec: 0.9644 Rec: 0.9739 mAP: 0.9951
2026-03-04 15:29:55,483 - INFO - Best model updated and saved: resnet18_checkpoint\best_resnet18_model.pth
2026-03-04 15:30:28,434 - INFO - Epoch 04/50 [LR: 0.001000] | Train -> Loss: 0.1084 Acc: 0.9594 Prec: 0.9589 Rec: 0.9598 mAP: 0.9927 | Val -> Loss: 0.0708 Acc: 0.9737 Prec: 0.9777 Rec: 0.9657 mAP: 0.9960
2026-03-04 15:30:28,509 - INFO - Best model updated and saved: resnet18_checkpoint\best_resnet18_model.pth
2026-03-04 15:31:02,141 - INFO - Epoch 05/50 [LR: 0.001000] | Train -> Loss: 0.1097 Acc: 0.9587 Prec: 0.9523 Rec: 0.9656 mAP: 0.9912 | Val -> Loss: 0.0836 Acc: 0.9703 Prec: 0.9873 Rec: 0.9486 mAP: 0.9961
2026-03-04 15:31:35,514 - INFO - Epoch 06/50 [LR: 0.001000] | Train -> Loss: 0.0925 Acc: 0.9663 Prec: 0.9656 Rec: 0.9670 mAP: 0.9947 | Val -> Loss: 0.0770 Acc: 0.9730 Prec: 0.9915 Rec: 0.9502 mAP: 0.9974
2026-03-04 15:32:09,042 - INFO - Epoch 07/50 [LR: 0.001000] | Train -> Loss: 0.0901 Acc: 0.9635 Prec: 0.9601 Rec: 0.9670 mAP: 0.9946 | Val -> Loss: 0.0778 Acc: 0.9730 Prec: 0.9898 Rec: 0.9518 mAP: 0.9966
2026-03-04 15:32:41,881 - INFO - Epoch 08/50 [LR: 0.001000] | Train -> Loss: 0.0889 Acc: 0.9644 Prec: 0.9664 Rec: 0.9622 mAP: 0.9952 | Val -> Loss: 0.0622 Acc: 0.9806 Prec: 0.9908 Rec: 0.9673 mAP: 0.9978
2026-03-04 15:32:41,960 - INFO - Best model updated and saved: resnet18_checkpoint\best_resnet18_model.pth
2026-03-04 15:33:15,164 - INFO - Epoch 09/50 [LR: 0.001000] | Train -> Loss: 0.0840 Acc: 0.9683 Prec: 0.9635 Rec: 0.9732 mAP: 0.9949 | Val -> Loss: 0.0538 Acc: 0.9810 Prec: 0.9925 Rec: 0.9665 mAP: 0.9983
2026-03-04 15:33:15,247 - INFO - Best model updated and saved: resnet18_checkpoint\best_resnet18_model.pth
2026-03-04 15:33:48,826 - INFO - Epoch 10/50 [LR: 0.001000] | Train -> Loss: 0.0856 Acc: 0.9649 Prec: 0.9637 Rec: 0.9660 mAP: 0.9954 | Val -> Loss: 0.0445 Acc: 0.9882 Prec: 0.9910 Rec: 0.9837 mAP: 0.9985
2026-03-04 15:33:48,903 - INFO - Best model updated and saved: resnet18_checkpoint\best_resnet18_model.pth
2026-03-04 15:34:22,488 - INFO - Epoch 11/50 [LR: 0.001000] | Train -> Loss: 0.0757 Acc: 0.9692 Prec: 0.9680 Rec: 0.9703 mAP: 0.9965 | Val -> Loss: 0.0697 Acc: 0.9752 Prec: 0.9940 Rec: 0.9527 mAP: 0.9984
2026-03-04 15:34:55,758 - INFO - Epoch 12/50 [LR: 0.001000] | Train -> Loss: 0.0687 Acc: 0.9730 Prec: 0.9723 Rec: 0.9737 mAP: 0.9971 | Val -> Loss: 0.0564 Acc: 0.9817 Prec: 0.9900 Rec: 0.9706 mAP: 0.9980
2026-03-04 15:35:29,114 - INFO - Epoch 13/50 [LR: 0.001000] | Train -> Loss: 0.0658 Acc: 0.9749 Prec: 0.9728 Rec: 0.9770 mAP: 0.9971 | Val -> Loss: 0.0650 Acc: 0.9768 Prec: 0.9899 Rec: 0.9600 mAP: 0.9976
2026-03-04 15:36:02,506 - INFO - Epoch 14/50 [LR: 0.001000] | Train -> Loss: 0.0774 Acc: 0.9697 Prec: 0.9685 Rec: 0.9708 mAP: 0.9960 | Val -> Loss: 0.0569 Acc: 0.9790 Prec: 0.9819 Rec: 0.9731 mAP: 0.9978
2026-03-04 15:36:35,426 - INFO - Epoch 15/50 [LR: 0.001000] | Train -> Loss: 0.0643 Acc: 0.9773 Prec: 0.9752 Rec: 0.9794 mAP: 0.9971 | Val -> Loss: 0.0691 Acc: 0.9787 Prec: 0.9949 Rec: 0.9592 mAP: 0.9979
2026-03-04 15:37:08,385 - INFO - Epoch 16/50 [LR: 0.001000] | Train -> Loss: 0.0707 Acc: 0.9716 Prec: 0.9704 Rec: 0.9727 mAP: 0.9970 | Val -> Loss: 0.0441 Acc: 0.9867 Prec: 0.9925 Rec: 0.9788 mAP: 0.9987
2026-03-04 15:37:41,064 - INFO - Epoch 17/50 [LR: 0.001000] | Train -> Loss: 0.0745 Acc: 0.9702 Prec: 0.9681 Rec: 0.9722 mAP: 0.9967 | Val -> Loss: 0.0497 Acc: 0.9829 Prec: 0.9820 Rec: 0.9812 mAP: 0.9980
2026-03-04 15:38:13,890 - INFO - Epoch 18/50 [LR: 0.000100] | Train -> Loss: 0.0655 Acc: 0.9757 Prec: 0.9724 Rec: 0.9789 mAP: 0.9972 | Val -> Loss: 0.0461 Acc: 0.9840 Prec: 0.9876 Rec: 0.9780 mAP: 0.9985
2026-03-04 15:38:46,587 - INFO - Epoch 19/50 [LR: 0.000100] | Train -> Loss: 0.0557 Acc: 0.9773 Prec: 0.9784 Rec: 0.9761 mAP: 0.9980 | Val -> Loss: 0.0505 Acc: 0.9829 Prec: 0.9917 Rec: 0.9714 mAP: 0.9984
2026-03-04 15:39:19,396 - INFO - Epoch 20/50 [LR: 0.000100] | Train -> Loss: 0.0534 Acc: 0.9783 Prec: 0.9794 Rec: 0.9770 mAP: 0.9983 | Val -> Loss: 0.0494 Acc: 0.9821 Prec: 0.9900 Rec: 0.9714 mAP: 0.9984
2026-03-04 15:39:52,086 - INFO - Epoch 21/50 [LR: 0.000100] | Train -> Loss: 0.0578 Acc: 0.9785 Prec: 0.9771 Rec: 0.9799 mAP: 0.9978 | Val -> Loss: 0.0467 Acc: 0.9844 Prec: 0.9876 Rec: 0.9788 mAP: 0.9984
2026-03-04 15:40:27,003 - INFO - Epoch 22/50 [LR: 0.000100] | Train -> Loss: 0.0563 Acc: 0.9768 Prec: 0.9721 Rec: 0.9818 mAP: 0.9980 | Val -> Loss: 0.0443 Acc: 0.9848 Prec: 0.9877 Rec: 0.9796 mAP: 0.9985
2026-03-04 15:41:02,486 - INFO - Epoch 23/50 [LR: 0.000100] | Train -> Loss: 0.0601 Acc: 0.9761 Prec: 0.9716 Rec: 0.9809 mAP: 0.9976 | Val -> Loss: 0.0531 Acc: 0.9817 Prec: 0.9925 Rec: 0.9682 mAP: 0.9984
2026-03-04 15:41:38,409 - INFO - Epoch 24/50 [LR: 0.000100] | Train -> Loss: 0.0519 Acc: 0.9807 Prec: 0.9822 Rec: 0.9789 mAP: 0.9982 | Val -> Loss: 0.0488 Acc: 0.9840 Prec: 0.9909 Rec: 0.9747 mAP: 0.9985
2026-03-04 15:42:13,685 - INFO - Epoch 25/50 [LR: 0.000100] | Train -> Loss: 0.0620 Acc: 0.9757 Prec: 0.9738 Rec: 0.9775 mAP: 0.9975 | Val -> Loss: 0.0553 Acc: 0.9817 Prec: 0.9916 Rec: 0.9690 mAP: 0.9982
2026-03-04 15:42:48,050 - INFO - Epoch 26/50 [LR: 0.000010] | Train -> Loss: 0.0631 Acc: 0.9780 Prec: 0.9762 Rec: 0.9799 mAP: 0.9970 | Val -> Loss: 0.0500 Acc: 0.9825 Prec: 0.9884 Rec: 0.9739 mAP: 0.9983
2026-03-04 15:43:22,280 - INFO - Epoch 27/50 [LR: 0.000010] | Train -> Loss: 0.0612 Acc: 0.9761 Prec: 0.9738 Rec: 0.9785 mAP: 0.9975 | Val -> Loss: 0.0465 Acc: 0.9848 Prec: 0.9869 Rec: 0.9804 mAP: 0.9984
2026-03-04 15:43:56,034 - INFO - Epoch 28/50 [LR: 0.000010] | Train -> Loss: 0.0653 Acc: 0.9735 Prec: 0.9737 Rec: 0.9732 mAP: 0.9971 | Val -> Loss: 0.0442 Acc: 0.9863 Prec: 0.9869 Rec: 0.9837 mAP: 0.9985
2026-03-04 15:44:29,594 - INFO - Epoch 29/50 [LR: 0.000010] | Train -> Loss: 0.0498 Acc: 0.9823 Prec: 0.9818 Rec: 0.9828 mAP: 0.9985 | Val -> Loss: 0.0528 Acc: 0.9821 Prec: 0.9908 Rec: 0.9706 mAP: 0.9984
2026-03-04 15:45:03,382 - INFO - Epoch 30/50 [LR: 0.000010] | Train -> Loss: 0.0547 Acc: 0.9809 Prec: 0.9786 Rec: 0.9833 mAP: 0.9981 | Val -> Loss: 0.0482 Acc: 0.9836 Prec: 0.9884 Rec: 0.9763 mAP: 0.9984
2026-03-04 15:45:37,329 - INFO - Epoch 31/50 [LR: 0.000010] | Train -> Loss: 0.0583 Acc: 0.9766 Prec: 0.9761 Rec: 0.9770 mAP: 0.9977 | Val -> Loss: 0.0526 Acc: 0.9817 Prec: 0.9892 Rec: 0.9714 mAP: 0.9983
2026-03-04 15:46:11,273 - INFO - Epoch 32/50 [LR: 0.000010] | Train -> Loss: 0.0560 Acc: 0.9795 Prec: 0.9771 Rec: 0.9818 mAP: 0.9980 | Val -> Loss: 0.0457 Acc: 0.9851 Prec: 0.9877 Rec: 0.9804 mAP: 0.9985
2026-03-04 15:46:45,125 - INFO - Epoch 33/50 [LR: 0.000010] | Train -> Loss: 0.0588 Acc: 0.9783 Prec: 0.9789 Rec: 0.9775 mAP: 0.9977 | Val -> Loss: 0.0479 Acc: 0.9840 Prec: 0.9884 Rec: 0.9771 mAP: 0.9984
2026-03-04 15:47:19,310 - INFO - Epoch 34/50 [LR: 0.000001] | Train -> Loss: 0.0685 Acc: 0.9759 Prec: 0.9720 Rec: 0.9799 mAP: 0.9969 | Val -> Loss: 0.0608 Acc: 0.9794 Prec: 0.9933 Rec: 0.9624 mAP: 0.9983
2026-03-04 15:47:53,688 - INFO - Epoch 35/50 [LR: 0.000001] | Train -> Loss: 0.0549 Acc: 0.9783 Prec: 0.9785 Rec: 0.9780 mAP: 0.9980 | Val -> Loss: 0.0553 Acc: 0.9817 Prec: 0.9916 Rec: 0.9690 mAP: 0.9983
2026-03-04 15:48:27,725 - INFO - Epoch 36/50 [LR: 0.000001] | Train -> Loss: 0.0610 Acc: 0.9778 Prec: 0.9789 Rec: 0.9766 mAP: 0.9976 | Val -> Loss: 0.0474 Acc: 0.9840 Prec: 0.9876 Rec: 0.9780 mAP: 0.9984
2026-03-04 15:49:01,998 - INFO - Epoch 37/50 [LR: 0.000001] | Train -> Loss: 0.0645 Acc: 0.9735 Prec: 0.9701 Rec: 0.9770 mAP: 0.9974 | Val -> Loss: 0.0500 Acc: 0.9829 Prec: 0.9908 Rec: 0.9722 mAP: 0.9984
2026-03-04 15:49:36,211 - INFO - Epoch 38/50 [LR: 0.000001] | Train -> Loss: 0.0551 Acc: 0.9788 Prec: 0.9794 Rec: 0.9780 mAP: 0.9982 | Val -> Loss: 0.0566 Acc: 0.9806 Prec: 0.9924 Rec: 0.9657 mAP: 0.9983
2026-03-04 15:50:10,400 - INFO - Epoch 39/50 [LR: 0.000001] | Train -> Loss: 0.0668 Acc: 0.9749 Prec: 0.9737 Rec: 0.9761 mAP: 0.9969 | Val -> Loss: 0.0479 Acc: 0.9836 Prec: 0.9884 Rec: 0.9763 mAP: 0.9984
2026-03-04 15:50:44,627 - INFO - Epoch 40/50 [LR: 0.000001] | Train -> Loss: 0.0455 Acc: 0.9809 Prec: 0.9827 Rec: 0.9789 mAP: 0.9988 | Val -> Loss: 0.0549 Acc: 0.9813 Prec: 0.9925 Rec: 0.9673 mAP: 0.9984
2026-03-04 15:51:18,992 - INFO - Epoch 41/50 [LR: 0.000001] | Train -> Loss: 0.0599 Acc: 0.9783 Prec: 0.9757 Rec: 0.9809 mAP: 0.9976 | Val -> Loss: 0.0587 Acc: 0.9798 Prec: 0.9933 Rec: 0.9633 mAP: 0.9983
2026-03-04 15:51:53,061 - INFO - Epoch 42/50 [LR: 0.000000] | Train -> Loss: 0.0605 Acc: 0.9745 Prec: 0.9706 Rec: 0.9785 mAP: 0.9977 | Val -> Loss: 0.0468 Acc: 0.9851 Prec: 0.9885 Rec: 0.9796 mAP: 0.9985
2026-03-04 15:52:27,622 - INFO - Epoch 43/50 [LR: 0.000000] | Train -> Loss: 0.0531 Acc: 0.9809 Prec: 0.9790 Rec: 0.9828 mAP: 0.9982 | Val -> Loss: 0.0483 Acc: 0.9848 Prec: 0.9901 Rec: 0.9771 mAP: 0.9985
2026-03-04 15:53:02,221 - INFO - Epoch 44/50 [LR: 0.000000] | Train -> Loss: 0.0620 Acc: 0.9742 Prec: 0.9755 Rec: 0.9727 mAP: 0.9975 | Val -> Loss: 0.0499 Acc: 0.9836 Prec: 0.9892 Rec: 0.9755 mAP: 0.9984
2026-03-04 15:53:36,337 - INFO - Epoch 45/50 [LR: 0.000000] | Train -> Loss: 0.0580 Acc: 0.9761 Prec: 0.9788 Rec: 0.9732 mAP: 0.9979 | Val -> Loss: 0.0509 Acc: 0.9829 Prec: 0.9908 Rec: 0.9722 mAP: 0.9984
2026-03-04 15:54:10,620 - INFO - Epoch 46/50 [LR: 0.000000] | Train -> Loss: 0.0566 Acc: 0.9804 Prec: 0.9767 Rec: 0.9842 mAP: 0.9978 | Val -> Loss: 0.0487 Acc: 0.9840 Prec: 0.9892 Rec: 0.9763 mAP: 0.9984
2026-03-04 15:54:44,916 - INFO - Epoch 47/50 [LR: 0.000000] | Train -> Loss: 0.0555 Acc: 0.9788 Prec: 0.9803 Rec: 0.9770 mAP: 0.9980 | Val -> Loss: 0.0523 Acc: 0.9817 Prec: 0.9916 Rec: 0.9690 mAP: 0.9984
2026-03-04 15:55:18,943 - INFO - Epoch 48/50 [LR: 0.000000] | Train -> Loss: 0.0530 Acc: 0.9800 Prec: 0.9794 Rec: 0.9804 mAP: 0.9983 | Val -> Loss: 0.0479 Acc: 0.9832 Prec: 0.9892 Rec: 0.9747 mAP: 0.9984
2026-03-04 15:55:52,661 - INFO - Epoch 49/50 [LR: 0.000000] | Train -> Loss: 0.0657 Acc: 0.9749 Prec: 0.9710 Rec: 0.9789 mAP: 0.9969 | Val -> Loss: 0.0528 Acc: 0.9821 Prec: 0.9917 Rec: 0.9698 mAP: 0.9984
2026-03-04 15:56:26,524 - INFO - Epoch 50/50 [LR: 0.000000] | Train -> Loss: 0.0526 Acc: 0.9800 Prec: 0.9804 Rec: 0.9794 mAP: 0.9982 | Val -> Loss: 0.0453 Acc: 0.9855 Prec: 0.9877 Rec: 0.9812 mAP: 0.9985
2026-03-04 15:56:26,524 - INFO - Training complete. Best validation accuracy:  0.9882
2026-03-04 20:54:13,736 - INFO - Number of classes: 2
2026-03-04 20:54:13,736 - INFO - Class names: ['crocodile', 'non-crocodile']
2026-03-04 20:54:13,917 - INFO - Starting training on device: cuda
2026-03-04 20:54:48,735 - INFO - Epoch 01/50 [LR: 0.001000] | Train -> Loss: 0.2459 Acc: 0.8847 Prec: 0.8921 Rec: 0.8746 mAP: 0.9661 | Val -> Loss: 0.1104 Acc: 0.9592 Prec: 0.9836 Rec: 0.9282 mAP: 0.9929
2026-03-04 20:54:48,827 - INFO - Best model updated and saved: resnet18_checkpoint\best_resnet18_model.pth
2026-03-04 20:55:22,479 - INFO - Epoch 02/50 [LR: 0.001000] | Train -> Loss: 0.1314 Acc: 0.9465 Prec: 0.9460 Rec: 0.9469 mAP: 0.9891 | Val -> Loss: 0.0842 Acc: 0.9714 Prec: 0.9776 Rec: 0.9608 mAP: 0.9948
2026-03-04 20:55:22,560 - INFO - Best model updated and saved: resnet18_checkpoint\best_resnet18_model.pth
2026-03-04 20:55:55,551 - INFO - Epoch 03/50 [LR: 0.001000] | Train -> Loss: 0.1214 Acc: 0.9480 Prec: 0.9466 Rec: 0.9493 mAP: 0.9911 | Val -> Loss: 0.0755 Acc: 0.9726 Prec: 0.9698 Rec: 0.9714 mAP: 0.9953
2026-03-04 20:55:55,639 - INFO - Best model updated and saved: resnet18_checkpoint\best_resnet18_model.pth
2026-03-04 20:56:28,735 - INFO - Epoch 04/50 [LR: 0.001000] | Train -> Loss: 0.1063 Acc: 0.9580 Prec: 0.9575 Rec: 0.9584 mAP: 0.9930 | Val -> Loss: 0.0734 Acc: 0.9726 Prec: 0.9784 Rec: 0.9624 mAP: 0.9957
2026-03-04 20:57:02,068 - INFO - Epoch 05/50 [LR: 0.001000] | Train -> Loss: 0.1087 Acc: 0.9606 Prec: 0.9559 Rec: 0.9656 mAP: 0.9913 | Val -> Loss: 0.0796 Acc: 0.9718 Prec: 0.9873 Rec: 0.9518 mAP: 0.9961
2026-03-04 20:57:35,162 - INFO - Epoch 06/50 [LR: 0.001000] | Train -> Loss: 0.0915 Acc: 0.9671 Prec: 0.9656 Rec: 0.9684 mAP: 0.9948 | Val -> Loss: 0.0730 Acc: 0.9726 Prec: 0.9898 Rec: 0.9510 mAP: 0.9975
2026-03-04 20:58:08,412 - INFO - Epoch 07/50 [LR: 0.001000] | Train -> Loss: 0.0894 Acc: 0.9668 Prec: 0.9634 Rec: 0.9703 mAP: 0.9946 | Val -> Loss: 0.0754 Acc: 0.9741 Prec: 0.9907 Rec: 0.9535 mAP: 0.9970
2026-03-04 20:58:08,501 - INFO - Best model updated and saved: resnet18_checkpoint\best_resnet18_model.pth
2026-03-04 20:58:41,798 - INFO - Epoch 08/50 [LR: 0.001000] | Train -> Loss: 0.0898 Acc: 0.9632 Prec: 0.9645 Rec: 0.9617 mAP: 0.9951 | Val -> Loss: 0.0632 Acc: 0.9790 Prec: 0.9916 Rec: 0.9633 mAP: 0.9979
2026-03-04 20:58:41,874 - INFO - Best model updated and saved: resnet18_checkpoint\best_resnet18_model.pth
2026-03-04 20:59:14,840 - INFO - Epoch 09/50 [LR: 0.001000] | Train -> Loss: 0.0826 Acc: 0.9685 Prec: 0.9653 Rec: 0.9718 mAP: 0.9950 | Val -> Loss: 0.0519 Acc: 0.9806 Prec: 0.9916 Rec: 0.9665 mAP: 0.9985
2026-03-04 20:59:14,926 - INFO - Best model updated and saved: resnet18_checkpoint\best_resnet18_model.pth
2026-03-04 20:59:48,430 - INFO - Epoch 10/50 [LR: 0.001000] | Train -> Loss: 0.0858 Acc: 0.9654 Prec: 0.9646 Rec: 0.9660 mAP: 0.9954 | Val -> Loss: 0.0449 Acc: 0.9855 Prec: 0.9893 Rec: 0.9796 mAP: 0.9985
2026-03-04 20:59:48,512 - INFO - Best model updated and saved: resnet18_checkpoint\best_resnet18_model.pth
2026-03-04 21:00:21,527 - INFO - Epoch 11/50 [LR: 0.001000] | Train -> Loss: 0.0789 Acc: 0.9671 Prec: 0.9661 Rec: 0.9679 mAP: 0.9962 | Val -> Loss: 0.0748 Acc: 0.9733 Prec: 0.9940 Rec: 0.9486 mAP: 0.9983
2026-03-04 21:00:55,222 - INFO - Epoch 12/50 [LR: 0.001000] | Train -> Loss: 0.0685 Acc: 0.9749 Prec: 0.9742 Rec: 0.9756 mAP: 0.9970 | Val -> Loss: 0.0589 Acc: 0.9821 Prec: 0.9908 Rec: 0.9706 mAP: 0.9980
2026-03-04 21:01:28,622 - INFO - Epoch 13/50 [LR: 0.001000] | Train -> Loss: 0.0658 Acc: 0.9754 Prec: 0.9720 Rec: 0.9789 mAP: 0.9972 | Val -> Loss: 0.0715 Acc: 0.9764 Prec: 0.9882 Rec: 0.9608 mAP: 0.9971
2026-03-04 21:02:01,920 - INFO - Epoch 14/50 [LR: 0.001000] | Train -> Loss: 0.0776 Acc: 0.9680 Prec: 0.9670 Rec: 0.9689 mAP: 0.9960 | Val -> Loss: 0.0644 Acc: 0.9768 Prec: 0.9826 Rec: 0.9673 mAP: 0.9975
2026-03-04 21:02:35,064 - INFO - Epoch 15/50 [LR: 0.001000] | Train -> Loss: 0.0658 Acc: 0.9747 Prec: 0.9724 Rec: 0.9770 mAP: 0.9970 | Val -> Loss: 0.0722 Acc: 0.9768 Prec: 0.9932 Rec: 0.9567 mAP: 0.9979
2026-03-04 21:03:08,044 - INFO - Epoch 16/50 [LR: 0.001000] | Train -> Loss: 0.0692 Acc: 0.9706 Prec: 0.9699 Rec: 0.9713 mAP: 0.9970 | Val -> Loss: 0.0471 Acc: 0.9848 Prec: 0.9942 Rec: 0.9731 mAP: 0.9987
2026-03-04 21:03:41,384 - INFO - Epoch 17/50 [LR: 0.001000] | Train -> Loss: 0.0775 Acc: 0.9680 Prec: 0.9679 Rec: 0.9679 mAP: 0.9964 | Val -> Loss: 0.0521 Acc: 0.9802 Prec: 0.9811 Rec: 0.9763 mAP: 0.9979
2026-03-04 21:04:14,481 - INFO - Epoch 18/50 [LR: 0.000100] | Train -> Loss: 0.0648 Acc: 0.9749 Prec: 0.9719 Rec: 0.9780 mAP: 0.9972 | Val -> Loss: 0.0528 Acc: 0.9825 Prec: 0.9900 Rec: 0.9722 mAP: 0.9983
2026-03-04 21:04:47,235 - INFO - Epoch 19/50 [LR: 0.000100] | Train -> Loss: 0.0580 Acc: 0.9778 Prec: 0.9775 Rec: 0.9780 mAP: 0.9977 | Val -> Loss: 0.0574 Acc: 0.9779 Prec: 0.9924 Rec: 0.9600 mAP: 0.9982
2026-03-04 21:05:20,397 - INFO - Epoch 20/50 [LR: 0.000100] | Train -> Loss: 0.0551 Acc: 0.9790 Prec: 0.9803 Rec: 0.9775 mAP: 0.9982 | Val -> Loss: 0.0555 Acc: 0.9790 Prec: 0.9891 Rec: 0.9657 mAP: 0.9982
2026-03-04 21:05:53,480 - INFO - Epoch 21/50 [LR: 0.000100] | Train -> Loss: 0.0574 Acc: 0.9780 Prec: 0.9762 Rec: 0.9799 mAP: 0.9977 | Val -> Loss: 0.0509 Acc: 0.9829 Prec: 0.9868 Rec: 0.9763 mAP: 0.9982
2026-03-04 21:06:27,470 - INFO - Epoch 22/50 [LR: 0.000100] | Train -> Loss: 0.0586 Acc: 0.9764 Prec: 0.9716 Rec: 0.9813 mAP: 0.9979 | Val -> Loss: 0.0478 Acc: 0.9840 Prec: 0.9876 Rec: 0.9780 mAP: 0.9983
2026-03-04 21:07:00,759 - INFO - Epoch 23/50 [LR: 0.000100] | Train -> Loss: 0.0611 Acc: 0.9754 Prec: 0.9724 Rec: 0.9785 mAP: 0.9975 | Val -> Loss: 0.0567 Acc: 0.9787 Prec: 0.9908 Rec: 0.9633 mAP: 0.9982
2026-03-04 21:07:34,017 - INFO - Epoch 24/50 [LR: 0.000100] | Train -> Loss: 0.0514 Acc: 0.9790 Prec: 0.9812 Rec: 0.9766 mAP: 0.9983 | Val -> Loss: 0.0527 Acc: 0.9810 Prec: 0.9900 Rec: 0.9690 mAP: 0.9983
2026-03-04 21:08:07,568 - INFO - Epoch 25/50 [LR: 0.000100] | Train -> Loss: 0.0612 Acc: 0.9764 Prec: 0.9738 Rec: 0.9789 mAP: 0.9975 | Val -> Loss: 0.0589 Acc: 0.9771 Prec: 0.9899 Rec: 0.9608 mAP: 0.9981
2026-03-04 21:08:40,893 - INFO - Epoch 26/50 [LR: 0.000010] | Train -> Loss: 0.0623 Acc: 0.9773 Prec: 0.9748 Rec: 0.9799 mAP: 0.9972 | Val -> Loss: 0.0535 Acc: 0.9817 Prec: 0.9892 Rec: 0.9714 mAP: 0.9982
2026-03-04 21:09:13,997 - INFO - Epoch 27/50 [LR: 0.000010] | Train -> Loss: 0.0622 Acc: 0.9764 Prec: 0.9743 Rec: 0.9785 mAP: 0.9975 | Val -> Loss: 0.0496 Acc: 0.9840 Prec: 0.9868 Rec: 0.9788 mAP: 0.9983
2026-03-04 21:09:47,280 - INFO - Epoch 28/50 [LR: 0.000010] | Train -> Loss: 0.0651 Acc: 0.9747 Prec: 0.9751 Rec: 0.9742 mAP: 0.9972 | Val -> Loss: 0.0467 Acc: 0.9848 Prec: 0.9869 Rec: 0.9804 mAP: 0.9984
2026-03-04 21:10:20,414 - INFO - Epoch 29/50 [LR: 0.000010] | Train -> Loss: 0.0506 Acc: 0.9797 Prec: 0.9785 Rec: 0.9809 mAP: 0.9985 | Val -> Loss: 0.0572 Acc: 0.9783 Prec: 0.9899 Rec: 0.9633 mAP: 0.9982
2026-03-04 21:10:53,523 - INFO - Epoch 30/50 [LR: 0.000010] | Train -> Loss: 0.0560 Acc: 0.9795 Prec: 0.9771 Rec: 0.9818 mAP: 0.9980 | Val -> Loss: 0.0511 Acc: 0.9844 Prec: 0.9884 Rec: 0.9780 mAP: 0.9982
2026-03-04 21:11:26,729 - INFO - Epoch 31/50 [LR: 0.000010] | Train -> Loss: 0.0574 Acc: 0.9778 Prec: 0.9739 Rec: 0.9818 mAP: 0.9979 | Val -> Loss: 0.0566 Acc: 0.9783 Prec: 0.9891 Rec: 0.9641 mAP: 0.9981
2026-03-04 21:11:59,762 - INFO - Epoch 32/50 [LR: 0.000010] | Train -> Loss: 0.0548 Acc: 0.9800 Prec: 0.9763 Rec: 0.9837 mAP: 0.9981 | Val -> Loss: 0.0485 Acc: 0.9840 Prec: 0.9868 Rec: 0.9788 mAP: 0.9983
2026-03-04 21:12:32,848 - INFO - Epoch 33/50 [LR: 0.000010] | Train -> Loss: 0.0578 Acc: 0.9792 Prec: 0.9803 Rec: 0.9780 mAP: 0.9978 | Val -> Loss: 0.0507 Acc: 0.9844 Prec: 0.9876 Rec: 0.9788 mAP: 0.9983
2026-03-04 21:13:05,972 - INFO - Epoch 34/50 [LR: 0.000001] | Train -> Loss: 0.0686 Acc: 0.9773 Prec: 0.9734 Rec: 0.9813 mAP: 0.9968 | Val -> Loss: 0.0657 Acc: 0.9768 Prec: 0.9941 Rec: 0.9559 mAP: 0.9981
2026-03-04 21:13:39,152 - INFO - Epoch 35/50 [LR: 0.000001] | Train -> Loss: 0.0562 Acc: 0.9788 Prec: 0.9789 Rec: 0.9785 mAP: 0.9980 | Val -> Loss: 0.0596 Acc: 0.9783 Prec: 0.9908 Rec: 0.9624 mAP: 0.9982
2026-03-04 21:14:12,570 - INFO - Epoch 36/50 [LR: 0.000001] | Train -> Loss: 0.0604 Acc: 0.9773 Prec: 0.9789 Rec: 0.9756 mAP: 0.9977 | Val -> Loss: 0.0503 Acc: 0.9844 Prec: 0.9876 Rec: 0.9788 mAP: 0.9983
2026-03-04 21:14:45,587 - INFO - Epoch 37/50 [LR: 0.000001] | Train -> Loss: 0.0657 Acc: 0.9749 Prec: 0.9719 Rec: 0.9780 mAP: 0.9973 | Val -> Loss: 0.0542 Acc: 0.9802 Prec: 0.9900 Rec: 0.9673 mAP: 0.9983
2026-03-04 21:15:18,570 - INFO - Epoch 38/50 [LR: 0.000001] | Train -> Loss: 0.0539 Acc: 0.9785 Prec: 0.9798 Rec: 0.9770 mAP: 0.9983 | Val -> Loss: 0.0601 Acc: 0.9768 Prec: 0.9916 Rec: 0.9584 mAP: 0.9982
2026-03-04 21:15:51,809 - INFO - Epoch 39/50 [LR: 0.000001] | Train -> Loss: 0.0689 Acc: 0.9749 Prec: 0.9733 Rec: 0.9766 mAP: 0.9968 | Val -> Loss: 0.0516 Acc: 0.9825 Prec: 0.9892 Rec: 0.9731 mAP: 0.9983
2026-03-04 21:16:25,030 - INFO - Epoch 40/50 [LR: 0.000001] | Train -> Loss: 0.0462 Acc: 0.9819 Prec: 0.9818 Rec: 0.9818 mAP: 0.9988 | Val -> Loss: 0.0596 Acc: 0.9779 Prec: 0.9907 Rec: 0.9616 mAP: 0.9982
2026-03-04 21:16:58,170 - INFO - Epoch 41/50 [LR: 0.000001] | Train -> Loss: 0.0587 Acc: 0.9788 Prec: 0.9753 Rec: 0.9823 mAP: 0.9978 | Val -> Loss: 0.0629 Acc: 0.9771 Prec: 0.9924 Rec: 0.9584 mAP: 0.9981
2026-03-04 21:17:31,310 - INFO - Epoch 42/50 [LR: 0.000001] | Train -> Loss: 0.0605 Acc: 0.9757 Prec: 0.9698 Rec: 0.9818 mAP: 0.9977 | Val -> Loss: 0.0498 Acc: 0.9848 Prec: 0.9885 Rec: 0.9788 mAP: 0.9983
2026-03-04 21:18:04,195 - INFO - Epoch 43/50 [LR: 0.000001] | Train -> Loss: 0.0535 Acc: 0.9804 Prec: 0.9772 Rec: 0.9837 mAP: 0.9981 | Val -> Loss: 0.0518 Acc: 0.9829 Prec: 0.9884 Rec: 0.9747 mAP: 0.9983
2026-03-04 21:18:37,650 - INFO - Epoch 44/50 [LR: 0.000001] | Train -> Loss: 0.0613 Acc: 0.9773 Prec: 0.9789 Rec: 0.9756 mAP: 0.9974 | Val -> Loss: 0.0537 Acc: 0.9806 Prec: 0.9900 Rec: 0.9682 mAP: 0.9982
2026-03-04 21:19:10,461 - INFO - Epoch 45/50 [LR: 0.000001] | Train -> Loss: 0.0573 Acc: 0.9788 Prec: 0.9817 Rec: 0.9756 mAP: 0.9980 | Val -> Loss: 0.0545 Acc: 0.9810 Prec: 0.9908 Rec: 0.9682 mAP: 0.9982
2026-03-04 21:19:43,397 - INFO - Epoch 46/50 [LR: 0.000001] | Train -> Loss: 0.0564 Acc: 0.9783 Prec: 0.9762 Rec: 0.9804 mAP: 0.9978 | Val -> Loss: 0.0519 Acc: 0.9825 Prec: 0.9876 Rec: 0.9747 mAP: 0.9982
2026-03-04 21:20:16,399 - INFO - Epoch 47/50 [LR: 0.000001] | Train -> Loss: 0.0574 Acc: 0.9785 Prec: 0.9803 Rec: 0.9766 mAP: 0.9979 | Val -> Loss: 0.0563 Acc: 0.9783 Prec: 0.9899 Rec: 0.9633 mAP: 0.9982
2026-03-04 21:20:49,567 - INFO - Epoch 48/50 [LR: 0.000001] | Train -> Loss: 0.0533 Acc: 0.9790 Prec: 0.9776 Rec: 0.9804 mAP: 0.9983 | Val -> Loss: 0.0511 Acc: 0.9825 Prec: 0.9884 Rec: 0.9739 mAP: 0.9983
2026-03-04 21:21:22,332 - INFO - Epoch 49/50 [LR: 0.000001] | Train -> Loss: 0.0665 Acc: 0.9742 Prec: 0.9706 Rec: 0.9780 mAP: 0.9968 | Val -> Loss: 0.0568 Acc: 0.9794 Prec: 0.9908 Rec: 0.9649 mAP: 0.9983
2026-03-04 21:21:55,395 - INFO - Epoch 50/50 [LR: 0.000001] | Train -> Loss: 0.0517 Acc: 0.9809 Prec: 0.9809 Rec: 0.9809 mAP: 0.9982 | Val -> Loss: 0.0481 Acc: 0.9848 Prec: 0.9877 Rec: 0.9796 mAP: 0.9984
2026-03-04 21:21:55,395 - INFO - Training complete. Best validation accuracy:  0.9855
2026-03-04 21:32:51,314 - INFO - Number of classes: 2
2026-03-04 21:32:51,314 - INFO - Class names: ['crocodile', 'non-crocodile']
2026-03-04 21:32:51,490 - INFO - Starting training on device: cuda
2026-03-04 21:33:26,857 - INFO - Epoch 01/50 [LR: 0.001000] | Train -> Loss: 0.2462 Acc: 0.8847 Prec: 0.8918 Rec: 0.8751 mAP: 0.9660 | Val -> Loss: 0.1099 Acc: 0.9600 Prec: 0.9819 Rec: 0.9314 mAP: 0.9928
2026-03-04 21:33:26,953 - INFO - Best model updated and saved: resnet18_checkpoint\best_resnet18_model.pth
2026-03-04 21:34:00,273 - INFO - Epoch 02/50 [LR: 0.001000] | Train -> Loss: 0.1304 Acc: 0.9480 Prec: 0.9470 Rec: 0.9488 mAP: 0.9891 | Val -> Loss: 0.0876 Acc: 0.9710 Prec: 0.9824 Rec: 0.9551 mAP: 0.9947
2026-03-04 21:34:00,366 - INFO - Best model updated and saved: resnet18_checkpoint\best_resnet18_model.pth
2026-03-04 21:34:33,543 - INFO - Epoch 03/50 [LR: 0.001000] | Train -> Loss: 0.1175 Acc: 0.9499 Prec: 0.9476 Rec: 0.9522 mAP: 0.9916 | Val -> Loss: 0.0769 Acc: 0.9710 Prec: 0.9667 Rec: 0.9714 mAP: 0.9954
2026-03-04 21:35:06,854 - INFO - Epoch 04/50 [LR: 0.001000] | Train -> Loss: 0.1063 Acc: 0.9580 Prec: 0.9561 Rec: 0.9598 mAP: 0.9930 | Val -> Loss: 0.0791 Acc: 0.9695 Prec: 0.9799 Rec: 0.9543 mAP: 0.9954
2026-03-04 21:35:40,395 - INFO - Epoch 05/50 [LR: 0.001000] | Train -> Loss: 0.1074 Acc: 0.9601 Prec: 0.9550 Rec: 0.9656 mAP: 0.9915 | Val -> Loss: 0.0894 Acc: 0.9684 Prec: 0.9864 Rec: 0.9453 mAP: 0.9956
2026-03-04 21:36:13,522 - INFO - Epoch 06/50 [LR: 0.001000] | Train -> Loss: 0.0926 Acc: 0.9666 Prec: 0.9652 Rec: 0.9679 mAP: 0.9946 | Val -> Loss: 0.0778 Acc: 0.9722 Prec: 0.9898 Rec: 0.9502 mAP: 0.9972
2026-03-04 21:36:13,601 - INFO - Best model updated and saved: resnet18_checkpoint\best_resnet18_model.pth
2026-03-04 21:36:46,712 - INFO - Epoch 07/50 [LR: 0.001000] | Train -> Loss: 0.0887 Acc: 0.9668 Prec: 0.9621 Rec: 0.9718 mAP: 0.9948 | Val -> Loss: 0.0783 Acc: 0.9733 Prec: 0.9890 Rec: 0.9535 mAP: 0.9966
2026-03-04 21:36:46,797 - INFO - Best model updated and saved: resnet18_checkpoint\best_resnet18_model.pth
2026-03-04 21:37:19,827 - INFO - Epoch 08/50 [LR: 0.001000] | Train -> Loss: 0.0884 Acc: 0.9640 Prec: 0.9645 Rec: 0.9632 mAP: 0.9953 | Val -> Loss: 0.0619 Acc: 0.9798 Prec: 0.9891 Rec: 0.9673 mAP: 0.9978
2026-03-04 21:37:19,906 - INFO - Best model updated and saved: resnet18_checkpoint\best_resnet18_model.pth
2026-03-04 21:37:52,984 - INFO - Epoch 09/50 [LR: 0.001000] | Train -> Loss: 0.0855 Acc: 0.9675 Prec: 0.9648 Rec: 0.9703 mAP: 0.9948 | Val -> Loss: 0.0495 Acc: 0.9829 Prec: 0.9908 Rec: 0.9722 mAP: 0.9985
2026-03-04 21:37:53,065 - INFO - Best model updated and saved: resnet18_checkpoint\best_resnet18_model.pth
2026-03-04 21:38:26,476 - INFO - Epoch 10/50 [LR: 0.001000] | Train -> Loss: 0.0854 Acc: 0.9656 Prec: 0.9647 Rec: 0.9665 mAP: 0.9955 | Val -> Loss: 0.0463 Acc: 0.9863 Prec: 0.9877 Rec: 0.9829 mAP: 0.9984
2026-03-04 21:38:26,571 - INFO - Best model updated and saved: resnet18_checkpoint\best_resnet18_model.pth
2026-03-04 21:38:59,763 - INFO - Epoch 11/50 [LR: 0.001000] | Train -> Loss: 0.0793 Acc: 0.9671 Prec: 0.9648 Rec: 0.9694 mAP: 0.9961 | Val -> Loss: 0.0727 Acc: 0.9737 Prec: 0.9940 Rec: 0.9494 mAP: 0.9983
2026-03-04 21:39:32,990 - INFO - Epoch 12/50 [LR: 0.001000] | Train -> Loss: 0.0687 Acc: 0.9733 Prec: 0.9714 Rec: 0.9751 mAP: 0.9970 | Val -> Loss: 0.0566 Acc: 0.9806 Prec: 0.9900 Rec: 0.9682 mAP: 0.9980
2026-03-04 21:40:05,980 - INFO - Epoch 13/50 [LR: 0.001000] | Train -> Loss: 0.0651 Acc: 0.9735 Prec: 0.9705 Rec: 0.9766 mAP: 0.9972 | Val -> Loss: 0.0684 Acc: 0.9771 Prec: 0.9874 Rec: 0.9633 mAP: 0.9973
2026-03-04 21:40:39,077 - INFO - Epoch 14/50 [LR: 0.001000] | Train -> Loss: 0.0773 Acc: 0.9709 Prec: 0.9690 Rec: 0.9727 mAP: 0.9960 | Val -> Loss: 0.0609 Acc: 0.9783 Prec: 0.9859 Rec: 0.9673 mAP: 0.9977
2026-03-04 21:41:12,280 - INFO - Epoch 15/50 [LR: 0.001000] | Train -> Loss: 0.0674 Acc: 0.9754 Prec: 0.9747 Rec: 0.9761 mAP: 0.9968 | Val -> Loss: 0.0761 Acc: 0.9741 Prec: 0.9957 Rec: 0.9486 mAP: 0.9980
2026-03-04 21:41:45,437 - INFO - Epoch 16/50 [LR: 0.001000] | Train -> Loss: 0.0699 Acc: 0.9726 Prec: 0.9714 Rec: 0.9737 mAP: 0.9970 | Val -> Loss: 0.0512 Acc: 0.9829 Prec: 0.9941 Rec: 0.9690 mAP: 0.9986
2026-03-04 21:42:18,468 - INFO - Epoch 17/50 [LR: 0.001000] | Train -> Loss: 0.0777 Acc: 0.9695 Prec: 0.9689 Rec: 0.9699 mAP: 0.9963 | Val -> Loss: 0.0499 Acc: 0.9810 Prec: 0.9820 Rec: 0.9771 mAP: 0.9981
2026-03-04 21:42:51,494 - INFO - Epoch 18/50 [LR: 0.000100] | Train -> Loss: 0.0627 Acc: 0.9768 Prec: 0.9743 Rec: 0.9794 mAP: 0.9974 | Val -> Loss: 0.0502 Acc: 0.9829 Prec: 0.9900 Rec: 0.9731 mAP: 0.9984
2026-03-04 21:43:24,712 - INFO - Epoch 19/50 [LR: 0.000100] | Train -> Loss: 0.0543 Acc: 0.9797 Prec: 0.9794 Rec: 0.9799 mAP: 0.9981 | Val -> Loss: 0.0566 Acc: 0.9790 Prec: 0.9916 Rec: 0.9633 mAP: 0.9982
2026-03-04 21:43:57,509 - INFO - Epoch 20/50 [LR: 0.000100] | Train -> Loss: 0.0550 Acc: 0.9785 Prec: 0.9817 Rec: 0.9751 mAP: 0.9982 | Val -> Loss: 0.0550 Acc: 0.9794 Prec: 0.9900 Rec: 0.9657 mAP: 0.9982
2026-03-04 21:44:30,739 - INFO - Epoch 21/50 [LR: 0.000100] | Train -> Loss: 0.0574 Acc: 0.9778 Prec: 0.9743 Rec: 0.9813 mAP: 0.9979 | Val -> Loss: 0.0512 Acc: 0.9821 Prec: 0.9868 Rec: 0.9747 mAP: 0.9983
2026-03-04 21:45:04,107 - INFO - Epoch 22/50 [LR: 0.000100] | Train -> Loss: 0.0564 Acc: 0.9773 Prec: 0.9739 Rec: 0.9809 mAP: 0.9980 | Val -> Loss: 0.0485 Acc: 0.9832 Prec: 0.9876 Rec: 0.9763 mAP: 0.9983
2026-03-04 21:45:37,259 - INFO - Epoch 23/50 [LR: 0.000100] | Train -> Loss: 0.0619 Acc: 0.9761 Prec: 0.9729 Rec: 0.9794 mAP: 0.9974 | Val -> Loss: 0.0573 Acc: 0.9794 Prec: 0.9900 Rec: 0.9657 mAP: 0.9982
2026-03-04 21:46:10,410 - INFO - Epoch 24/50 [LR: 0.000100] | Train -> Loss: 0.0522 Acc: 0.9814 Prec: 0.9823 Rec: 0.9804 mAP: 0.9982 | Val -> Loss: 0.0536 Acc: 0.9806 Prec: 0.9892 Rec: 0.9690 mAP: 0.9982
2026-03-04 21:46:43,657 - INFO - Epoch 25/50 [LR: 0.000100] | Train -> Loss: 0.0621 Acc: 0.9754 Prec: 0.9729 Rec: 0.9780 mAP: 0.9975 | Val -> Loss: 0.0586 Acc: 0.9794 Prec: 0.9900 Rec: 0.9657 mAP: 0.9980
2026-03-04 21:47:16,812 - INFO - Epoch 26/50 [LR: 0.000010] | Train -> Loss: 0.0628 Acc: 0.9768 Prec: 0.9761 Rec: 0.9775 mAP: 0.9972 | Val -> Loss: 0.0535 Acc: 0.9813 Prec: 0.9884 Rec: 0.9714 mAP: 0.9981
2026-03-04 21:47:49,842 - INFO - Epoch 27/50 [LR: 0.000010] | Train -> Loss: 0.0609 Acc: 0.9768 Prec: 0.9752 Rec: 0.9785 mAP: 0.9975 | Val -> Loss: 0.0499 Acc: 0.9829 Prec: 0.9852 Rec: 0.9780 mAP: 0.9982
2026-03-04 21:48:22,914 - INFO - Epoch 28/50 [LR: 0.000010] | Train -> Loss: 0.0658 Acc: 0.9754 Prec: 0.9751 Rec: 0.9756 mAP: 0.9970 | Val -> Loss: 0.0476 Acc: 0.9832 Prec: 0.9836 Rec: 0.9804 mAP: 0.9983
2026-03-04 21:48:56,051 - INFO - Epoch 29/50 [LR: 0.000010] | Train -> Loss: 0.0511 Acc: 0.9807 Prec: 0.9795 Rec: 0.9818 mAP: 0.9984 | Val -> Loss: 0.0570 Acc: 0.9802 Prec: 0.9900 Rec: 0.9673 mAP: 0.9982
2026-03-04 21:49:29,074 - INFO - Epoch 30/50 [LR: 0.000010] | Train -> Loss: 0.0565 Acc: 0.9785 Prec: 0.9753 Rec: 0.9818 mAP: 0.9979 | Val -> Loss: 0.0519 Acc: 0.9817 Prec: 0.9884 Rec: 0.9722 mAP: 0.9982
2026-03-04 21:50:02,141 - INFO - Epoch 31/50 [LR: 0.000010] | Train -> Loss: 0.0570 Acc: 0.9778 Prec: 0.9748 Rec: 0.9809 mAP: 0.9979 | Val -> Loss: 0.0565 Acc: 0.9794 Prec: 0.9883 Rec: 0.9673 mAP: 0.9981
2026-03-04 21:50:35,164 - INFO - Epoch 32/50 [LR: 0.000010] | Train -> Loss: 0.0558 Acc: 0.9807 Prec: 0.9772 Rec: 0.9842 mAP: 0.9980 | Val -> Loss: 0.0491 Acc: 0.9840 Prec: 0.9860 Rec: 0.9796 mAP: 0.9983
2026-03-04 21:51:08,026 - INFO - Epoch 33/50 [LR: 0.000010] | Train -> Loss: 0.0566 Acc: 0.9804 Prec: 0.9799 Rec: 0.9809 mAP: 0.9978 | Val -> Loss: 0.0511 Acc: 0.9836 Prec: 0.9884 Rec: 0.9763 mAP: 0.9982
2026-03-04 21:51:41,250 - INFO - Epoch 34/50 [LR: 0.000001] | Train -> Loss: 0.0689 Acc: 0.9761 Prec: 0.9711 Rec: 0.9813 mAP: 0.9969 | Val -> Loss: 0.0655 Acc: 0.9771 Prec: 0.9932 Rec: 0.9576 mAP: 0.9980
2026-03-04 21:52:14,235 - INFO - Epoch 35/50 [LR: 0.000001] | Train -> Loss: 0.0544 Acc: 0.9785 Prec: 0.9776 Rec: 0.9794 mAP: 0.9981 | Val -> Loss: 0.0596 Acc: 0.9798 Prec: 0.9916 Rec: 0.9649 mAP: 0.9981
2026-03-04 21:52:47,286 - INFO - Epoch 36/50 [LR: 0.000001] | Train -> Loss: 0.0626 Acc: 0.9766 Prec: 0.9779 Rec: 0.9751 mAP: 0.9975 | Val -> Loss: 0.0504 Acc: 0.9825 Prec: 0.9868 Rec: 0.9755 mAP: 0.9982
2026-03-04 21:53:20,126 - INFO - Epoch 37/50 [LR: 0.000001] | Train -> Loss: 0.0649 Acc: 0.9749 Prec: 0.9719 Rec: 0.9780 mAP: 0.9974 | Val -> Loss: 0.0542 Acc: 0.9810 Prec: 0.9900 Rec: 0.9690 mAP: 0.9982
2026-03-04 21:53:53,404 - INFO - Epoch 38/50 [LR: 0.000001] | Train -> Loss: 0.0535 Acc: 0.9790 Prec: 0.9808 Rec: 0.9770 mAP: 0.9983 | Val -> Loss: 0.0609 Acc: 0.9783 Prec: 0.9908 Rec: 0.9624 mAP: 0.9982
2026-03-04 21:54:26,794 - INFO - Epoch 39/50 [LR: 0.000001] | Train -> Loss: 0.0663 Acc: 0.9749 Prec: 0.9728 Rec: 0.9770 mAP: 0.9969 | Val -> Loss: 0.0513 Acc: 0.9806 Prec: 0.9884 Rec: 0.9698 mAP: 0.9983
2026-03-04 21:54:59,921 - INFO - Epoch 40/50 [LR: 0.000001] | Train -> Loss: 0.0454 Acc: 0.9819 Prec: 0.9837 Rec: 0.9799 mAP: 0.9989 | Val -> Loss: 0.0597 Acc: 0.9798 Prec: 0.9916 Rec: 0.9649 mAP: 0.9982
2026-03-04 21:55:33,076 - INFO - Epoch 41/50 [LR: 0.000001] | Train -> Loss: 0.0575 Acc: 0.9797 Prec: 0.9767 Rec: 0.9828 mAP: 0.9979 | Val -> Loss: 0.0630 Acc: 0.9779 Prec: 0.9916 Rec: 0.9608 mAP: 0.9981
2026-03-04 21:56:05,990 - INFO - Epoch 42/50 [LR: 0.000001] | Train -> Loss: 0.0612 Acc: 0.9733 Prec: 0.9678 Rec: 0.9789 mAP: 0.9977 | Val -> Loss: 0.0507 Acc: 0.9813 Prec: 0.9876 Rec: 0.9722 mAP: 0.9983
2026-03-04 21:56:39,198 - INFO - Epoch 43/50 [LR: 0.000001] | Train -> Loss: 0.0546 Acc: 0.9807 Prec: 0.9781 Rec: 0.9833 mAP: 0.9980 | Val -> Loss: 0.0526 Acc: 0.9810 Prec: 0.9884 Rec: 0.9706 mAP: 0.9983
2026-03-04 21:57:12,762 - INFO - Epoch 44/50 [LR: 0.000001] | Train -> Loss: 0.0629 Acc: 0.9764 Prec: 0.9793 Rec: 0.9732 mAP: 0.9973 | Val -> Loss: 0.0539 Acc: 0.9798 Prec: 0.9883 Rec: 0.9682 mAP: 0.9982
2026-03-04 21:57:45,776 - INFO - Epoch 45/50 [LR: 0.000001] | Train -> Loss: 0.0593 Acc: 0.9773 Prec: 0.9793 Rec: 0.9751 mAP: 0.9978 | Val -> Loss: 0.0547 Acc: 0.9806 Prec: 0.9892 Rec: 0.9690 mAP: 0.9982
2026-03-04 21:58:18,866 - INFO - Epoch 46/50 [LR: 0.000001] | Train -> Loss: 0.0567 Acc: 0.9785 Prec: 0.9744 Rec: 0.9828 mAP: 0.9978 | Val -> Loss: 0.0521 Acc: 0.9817 Prec: 0.9884 Rec: 0.9722 mAP: 0.9982
2026-03-04 21:58:51,899 - INFO - Epoch 47/50 [LR: 0.000001] | Train -> Loss: 0.0570 Acc: 0.9778 Prec: 0.9807 Rec: 0.9746 mAP: 0.9979 | Val -> Loss: 0.0562 Acc: 0.9794 Prec: 0.9900 Rec: 0.9657 mAP: 0.9982
2026-03-04 21:59:24,854 - INFO - Epoch 48/50 [LR: 0.000001] | Train -> Loss: 0.0541 Acc: 0.9785 Prec: 0.9771 Rec: 0.9799 mAP: 0.9982 | Val -> Loss: 0.0517 Acc: 0.9810 Prec: 0.9876 Rec: 0.9714 mAP: 0.9983
2026-03-04 21:59:58,073 - INFO - Epoch 49/50 [LR: 0.000001] | Train -> Loss: 0.0660 Acc: 0.9754 Prec: 0.9724 Rec: 0.9785 mAP: 0.9969 | Val -> Loss: 0.0570 Acc: 0.9802 Prec: 0.9916 Rec: 0.9657 mAP: 0.9982
2026-03-04 22:00:31,358 - INFO - Epoch 50/50 [LR: 0.000001] | Train -> Loss: 0.0512 Acc: 0.9819 Prec: 0.9804 Rec: 0.9833 mAP: 0.9983 | Val -> Loss: 0.0488 Acc: 0.9840 Prec: 0.9868 Rec: 0.9788 mAP: 0.9983
2026-03-04 22:00:31,358 - INFO - Training complete. Best validation accuracy:  0.9863
