2025-08-20 17:22:23,656 - INFO - Load the best ResNet18 model as the feature extractor...
2025-08-20 17:22:23,882 - INFO - Feature extractor loaded successfully.
2025-08-20 17:22:23,882 - INFO - Starting Step 1: Start extracting features of the training and validation sets...
2025-08-20 17:22:54,070 - INFO - Extraction completed. Number of training set features: 4190
2025-08-20 17:22:54,070 - INFO - Extraction completed. Number of validation set features: 2625
2025-08-20 17:22:54,070 - INFO - Starting Step 2: Training the SVM brain or classifier...
2025-08-20 17:22:54,110 - INFO - SVM training completed.
2025-08-20 17:22:54,110 - INFO - Starting Step 3: Evaluating the SVM classifier on validation data...
2025-08-20 17:22:54,127 - INFO - ResNet18 + SVM Hybrid Model Validation Accuracy: 0.9836
2026-03-04 17:20:30,890 - INFO - Load the best ResNet18 model as the feature extractor...
2026-03-04 17:20:31,131 - INFO - Feature extractor loaded successfully.
2026-03-04 17:20:31,131 - INFO - Starting Step 1: Start extracting features of the training and validation sets...
2026-03-04 17:21:00,880 - INFO - Extraction completed. Number of training set features: 4190
2026-03-04 17:21:00,880 - INFO - Extraction completed. Number of validation set features: 2625
2026-03-04 17:21:00,880 - INFO - Starting Step 2: Training the SVM brain or classifier...
2026-03-04 17:21:00,952 - INFO - SVM training completed.
2026-03-04 17:21:00,952 - INFO - Starting Step 3: Evaluating the SVM classifier on validation data...
2026-03-04 17:21:00,979 - INFO - ResNet18 + SVM Hybrid Model Validation Accuracy: 0.9810


Modify 224x224 to 640x640 Starting Here
2026-04-01 09:20:52,567 - INFO - Load the best ResNet18 model as the feature extractor...
2026-04-01 09:20:52,764 - INFO - Feature extractor loaded successfully.
2026-04-01 09:20:52,764 - INFO - Starting Step 1: Start extracting features of the training and validation sets...
2026-04-01 09:22:25,600 - INFO - Extraction completed. Number of training set features: 4190
2026-04-01 09:22:25,600 - INFO - Extraction completed. Number of validation set features: 2625
2026-04-01 09:22:25,600 - INFO - Starting Step 2: Training the SVM brain or classifier...
2026-04-01 09:22:25,635 - INFO - SVM training completed.
2026-04-01 09:22:25,635 - INFO - Starting Step 3: Evaluating the SVM classifier on validation data...
2026-04-01 09:22:25,659 - INFO - ResNet18 + SVM Hybrid Model Validation Accuracy: 0.9764
2026-04-01 09:23:51,041 - INFO - Load the best ResNet18 model as the feature extractor...
2026-04-01 09:23:51,245 - INFO - Feature extractor loaded successfully.
2026-04-01 09:23:51,245 - INFO - Starting Step 1: Start extracting features of the training and validation sets...
2026-04-01 09:25:24,257 - INFO - Extraction completed. Number of training set features: 4190
2026-04-01 09:25:24,257 - INFO - Extraction completed. Number of validation set features: 2625
2026-04-01 09:25:24,257 - INFO - Starting Step 2: Training the SVM brain or classifier...
2026-04-01 09:25:24,302 - INFO - SVM training completed.
2026-04-01 09:25:24,302 - INFO - Starting Step 3: Evaluating the SVM classifier on validation data...
2026-04-01 09:25:24,321 - INFO - ResNet18 + SVM Hybrid Model Validation Accuracy: 0.9764
